Archive member included to satisfy reference by file (symbol)

C:/ST/STM32CubeIDE_1.13.2/STM32CubeIDE/plugins/com.st.stm32cube.ide.mcu.externaltools.gnu-tools-for-stm32.12.3.rel1.win32_1.0.100.202403111256/tools/bin/../lib/gcc/arm-none-eabi/12.3.1/../../../../arm-none-eabi/lib/thumb/v7e-m+dp/hard\libc_nano.a(libc_a-exit.o)
                              C:/ST/STM32CubeIDE_1.13.2/STM32CubeIDE/plugins/com.st.stm32cube.ide.mcu.externaltools.gnu-tools-for-stm32.12.3.rel1.win32_1.0.100.202403111256/tools/bin/../lib/gcc/arm-none-eabi/12.3.1/../../../../arm-none-eabi/lib/thumb/v7e-m+dp/hard/crt0.o (exit)
C:/ST/STM32CubeIDE_1.13.2/STM32CubeIDE/plugins/com.st.stm32cube.ide.mcu.externaltools.gnu-tools-for-stm32.12.3.rel1.win32_1.0.100.202403111256/tools/bin/../lib/gcc/arm-none-eabi/12.3.1/../../../../arm-none-eabi/lib/thumb/v7e-m+dp/hard\libc_nano.a(libc_a-findfp.o)
                              C:/ST/STM32CubeIDE_1.13.2/STM32CubeIDE/plugins/com.st.stm32cube.ide.mcu.externaltools.gnu-tools-for-stm32.12.3.rel1.win32_1.0.100.202403111256/tools/bin/../lib/gcc/arm-none-eabi/12.3.1/../../../../arm-none-eabi/lib/thumb/v7e-m+dp/hard\libc_nano.a(libc_a-exit.o) (__stdio_exit_handler)
C:/ST/STM32CubeIDE_1.13.2/STM32CubeIDE/plugins/com.st.stm32cube.ide.mcu.externaltools.gnu-tools-for-stm32.12.3.rel1.win32_1.0.100.202403111256/tools/bin/../lib/gcc/arm-none-eabi/12.3.1/../../../../arm-none-eabi/lib/thumb/v7e-m+dp/hard\libc_nano.a(libc_a-fwalk.o)
                              C:/ST/STM32CubeIDE_1.13.2/STM32CubeIDE/plugins/com.st.stm32cube.ide.mcu.externaltools.gnu-tools-for-stm32.12.3.rel1.win32_1.0.100.202403111256/tools/bin/../lib/gcc/arm-none-eabi/12.3.1/../../../../arm-none-eabi/lib/thumb/v7e-m+dp/hard\libc_nano.a(libc_a-findfp.o) (_fwalk_sglue)
C:/ST/STM32CubeIDE_1.13.2/STM32CubeIDE/plugins/com.st.stm32cube.ide.mcu.externaltools.gnu-tools-for-stm32.12.3.rel1.win32_1.0.100.202403111256/tools/bin/../lib/gcc/arm-none-eabi/12.3.1/../../../../arm-none-eabi/lib/thumb/v7e-m+dp/hard\libc_nano.a(libc_a-stdio.o)
                              C:/ST/STM32CubeIDE_1.13.2/STM32CubeIDE/plugins/com.st.stm32cube.ide.mcu.externaltools.gnu-tools-for-stm32.12.3.rel1.win32_1.0.100.202403111256/tools/bin/../lib/gcc/arm-none-eabi/12.3.1/../../../../arm-none-eabi/lib/thumb/v7e-m+dp/hard\libc_nano.a(libc_a-findfp.o) (__sread)
C:/ST/STM32CubeIDE_1.13.2/STM32CubeIDE/plugins/com.st.stm32cube.ide.mcu.externaltools.gnu-tools-for-stm32.12.3.rel1.win32_1.0.100.202403111256/tools/bin/../lib/gcc/arm-none-eabi/12.3.1/../../../../arm-none-eabi/lib/thumb/v7e-m+dp/hard\libc_nano.a(libc_a-memset.o)
                              C:/ST/STM32CubeIDE_1.13.2/STM32CubeIDE/plugins/com.st.stm32cube.ide.mcu.externaltools.gnu-tools-for-stm32.12.3.rel1.win32_1.0.100.202403111256/tools/bin/../lib/gcc/arm-none-eabi/12.3.1/../../../../arm-none-eabi/lib/thumb/v7e-m+dp/hard/crt0.o (memset)
C:/ST/STM32CubeIDE_1.13.2/STM32CubeIDE/plugins/com.st.stm32cube.ide.mcu.externaltools.gnu-tools-for-stm32.12.3.rel1.win32_1.0.100.202403111256/tools/bin/../lib/gcc/arm-none-eabi/12.3.1/../../../../arm-none-eabi/lib/thumb/v7e-m+dp/hard\libc_nano.a(libc_a-closer.o)
                              C:/ST/STM32CubeIDE_1.13.2/STM32CubeIDE/plugins/com.st.stm32cube.ide.mcu.externaltools.gnu-tools-for-stm32.12.3.rel1.win32_1.0.100.202403111256/tools/bin/../lib/gcc/arm-none-eabi/12.3.1/../../../../arm-none-eabi/lib/thumb/v7e-m+dp/hard\libc_nano.a(libc_a-stdio.o) (_close_r)
C:/ST/STM32CubeIDE_1.13.2/STM32CubeIDE/plugins/com.st.stm32cube.ide.mcu.externaltools.gnu-tools-for-stm32.12.3.rel1.win32_1.0.100.202403111256/tools/bin/../lib/gcc/arm-none-eabi/12.3.1/../../../../arm-none-eabi/lib/thumb/v7e-m+dp/hard\libc_nano.a(libc_a-reent.o)
                              C:/ST/STM32CubeIDE_1.13.2/STM32CubeIDE/plugins/com.st.stm32cube.ide.mcu.externaltools.gnu-tools-for-stm32.12.3.rel1.win32_1.0.100.202403111256/tools/bin/../lib/gcc/arm-none-eabi/12.3.1/../../../../arm-none-eabi/lib/thumb/v7e-m+dp/hard\libc_nano.a(libc_a-closer.o) (errno)
C:/ST/STM32CubeIDE_1.13.2/STM32CubeIDE/plugins/com.st.stm32cube.ide.mcu.externaltools.gnu-tools-for-stm32.12.3.rel1.win32_1.0.100.202403111256/tools/bin/../lib/gcc/arm-none-eabi/12.3.1/../../../../arm-none-eabi/lib/thumb/v7e-m+dp/hard\libc_nano.a(libc_a-impure.o)
                              C:/ST/STM32CubeIDE_1.13.2/STM32CubeIDE/plugins/com.st.stm32cube.ide.mcu.externaltools.gnu-tools-for-stm32.12.3.rel1.win32_1.0.100.202403111256/tools/bin/../lib/gcc/arm-none-eabi/12.3.1/../../../../arm-none-eabi/lib/thumb/v7e-m+dp/hard\libc_nano.a(libc_a-reent.o) (_impure_ptr)
C:/ST/STM32CubeIDE_1.13.2/STM32CubeIDE/plugins/com.st.stm32cube.ide.mcu.externaltools.gnu-tools-for-stm32.12.3.rel1.win32_1.0.100.202403111256/tools/bin/../lib/gcc/arm-none-eabi/12.3.1/../../../../arm-none-eabi/lib/thumb/v7e-m+dp/hard\libc_nano.a(libc_a-lseekr.o)
[...]
Memory Configuration

Name             Origin             Length             Attributes
FLASH            0x08000000         0x00200000         xr
DTCMRAM          0x20000000         0x00020000         xrw
RAM_D1           0x24000000         0x00080000         xrw
RAM_D2           0x30000000         0x00048000         xrw
RAM_D3           0x38000000         0x00010000         xrw
ITCMRAM          0x00000000         0x00010000         xrw
*default*        0x00000000         0xffffffff

Linker script and memory map

LOAD C:/ST/STM32CubeIDE_1.13.2/STM32CubeIDE/plugins/com.st.stm32cube.ide.mcu.externaltools.gnu-tools-for-stm32.12.3.rel1.win32_1.0.100.202403111256/tools/bin/../lib/gcc/arm-none-eabi/12.3.1/thumb/v7e-m+dp/hard/crti.o
LOAD C:/ST/STM32CubeIDE_1.13.2/STM32CubeIDE/plugins/com.st.stm32cube.ide.mcu.externaltools.gnu-tools-for-stm32.12.3.rel1.win32_1.0.100.202403111256/tools/bin/../lib/gcc/arm-none-eabi/12.3.1/thumb/v7e-m+dp/hard/crtbegin.o
LOAD C:/ST/STM32CubeIDE_1.13.2/STM32CubeIDE/plugins/com.st.stm32cube.ide.mcu.externaltools.gnu-tools-for-stm32.12.3.rel1.win32_1.0.100.202403111256/tools/bin/../lib/gcc/arm-none-eabi/12.3.1/../../../../arm-none-eabi/lib/thumb/v7e-m+dp/hard/crt0.o
LOAD ./Src/main.o
LOAD ./Src/stm32h753_gpio_driver.o
LOAD ./Src/syscalls.o
LOAD ./Src/sysmem.o
LOAD ./Startup/startup_stm32h753iitx.o
START GROUP
LOAD C:/ST/STM32CubeIDE_1.13.2/STM32CubeIDE/plugins/com.st.stm32cube.ide.mcu.externaltools.gnu-tools-for-stm32.12.3.rel1.win32_1.0.100.202403111256/tools/bin/../lib/gcc/arm-none-eabi/12.3.1/../../../../arm-none-eabi/lib/thumb/v7e-m+dp/hard\libc_nano.a
LOAD C:/ST/STM32CubeIDE_1.13.2/STM32CubeIDE/plugins/com.st.stm32cube.ide.mcu.externaltools.gnu-tools-for-stm32.12.3.rel1.win32_1.0.100.202403111256/tools/bin/../lib/gcc/arm-none-eabi/12.3.1/../../../../arm-none-eabi/lib/thumb/v7e-m+dp/hard\libm.a
END GROUP
START GROUP
LOAD C:/ST/STM32CubeIDE_1.13.2/STM32CubeIDE/plugins/com.st.stm32cube.ide.mcu.externaltools.gnu-tools-for-stm32.12.3.rel1.win32_1.0.100.202403111256/tools/bin/../lib/gcc/arm-none-eabi/12.3.1/thumb/v7e-m+dp/hard\libgcc.a
LOAD C:/ST/STM32CubeIDE_1.13.2/STM32CubeIDE/plugins/com.st.stm32cube.ide.mcu.externaltools.gnu-tools-for-stm32.12.3.rel1.win32_1.0.100.202403111256/tools/bin/../lib/gcc/arm-none-eabi/12.3.1/../../../../arm-none-eabi/lib/thumb/v7e-m+dp/hard\libc_nano.a
END GROUP
START GROUP
LOAD C:/ST/STM32CubeIDE_1.13.2/STM32CubeIDE/plugins/com.st.stm32cube.ide.mcu.externaltools.gnu-tools-for-stm32.12.3.rel1.win32_1.0.100.202403111256/tools/bin/../lib/gcc/arm-none-eabi/12.3.1/thumb/v7e-m+dp/hard\libgcc.a
LOAD C:/ST/STM32CubeIDE_1.13.2/STM32CubeIDE/plugins/com.st.stm32cube.ide.mcu.externaltools.gnu-tools-for-stm32.12.3.rel1.win32_1.0.100.202403111256/tools/bin/../lib/gcc/arm-none-eabi/12.3.1/../../../../arm-none-eabi/lib/thumb/v7e-m+dp/hard\libc_nano.a
LOAD C:/ST/STM32CubeIDE_1.13.2/STM32CubeIDE/plugins/com.st.stm32cube.ide.mcu.externaltools.gnu-tools-for-stm32.12.3.rel1.win32_1.0.100.202403111256/tools/bin/../lib/gcc/arm-none-eabi/12.3.1/../../../../arm-none-eabi/lib/thumb/v7e-m+dp/hard\libnosys.a
END GROUP
START GROUP
LOAD C:/ST/STM32CubeIDE_1.13.2/STM32CubeIDE/plugins/com.st.stm32cube.ide.mcu.externaltools.gnu-tools-for-stm32.12.3.rel1.win32_1.0.100.202403111256/tools/bin/../lib/gcc/arm-none-eabi/12.3.1/thumb/v7e-m+dp/hard\libgcc.a
LOAD C:/ST/STM32CubeIDE_1.13.2/STM32CubeIDE/plugins/com.st.stm32cube.ide.mcu.externaltools.gnu-tools-for-stm32.12.3.rel1.win32_1.0.100.202403111256/tools/bin/../lib/gcc/arm-none-eabi/12.3.1/../../../../arm-none-eabi/lib/thumb/v7e-m+dp/hard\libc_nano.a
LOAD C:/ST/STM32CubeIDE_1.13.2/STM32CubeIDE/plugins/com.st.stm32cube.ide.mcu.externaltools.gnu-tools-for-stm32.12.3.rel1.win32_1.0.100.202403111256/tools/bin/../lib/gcc/arm-none-eabi/12.3.1/../../../../arm-none-eabi/lib/thumb/v7e-m+dp/hard\libnosys.a
END GROUP
LOAD C:/ST/STM32CubeIDE_1.13.2/STM32CubeIDE/plugins/com.st.stm32cube.ide.mcu.externaltools.gnu-tools-for-stm32.12.3.rel1.win32_1.0.100.202403111256/tools/bin/../lib/gcc/arm-none-eabi/12.3.1/thumb/v7e-m+dp/hard/crtend.o
LOAD C:/ST/STM32CubeIDE_1.13.2/STM32CubeIDE/plugins/com.st.stm32cube.ide.mcu.externaltools.gnu-tools-for-stm32.12.3.rel1.win32_1.0.100.202403111256/tools/bin/../lib/gcc/arm-none-eabi/12.3.1/thumb/v7e-m+dp/hard/crtn.o
                0x24080000                        _estack = (ORIGIN (RAM_D1) + LENGTH (RAM_D1))
                0x00000200                        _Min_Heap_Size = 0x200
                0x00000400                        _Min_Stack_Size = 0x400

.isr_vector     0x08000000      0x298
                0x08000000                        . = ALIGN (0x4)
 *(.isr_vector)
 .isr_vector    0x08000000      0x298 ./Startup/startup_stm32h753iitx.o
                0x08000000                g_pfnVectors
                0x08000298                        . = ALIGN (0x4)

.text           0x08000298      0x6f8
                0x08000298                        . = ALIGN (0x4)
 *(.text)
 .text          0x08000298       0x40 C:/ST/STM32CubeIDE_1.13.2/STM32CubeIDE/plugins/com.st.stm32cube.ide.mcu.externaltools.gnu-tools-for-stm32.12.3.rel1.win32_1.0.100.202403111256/tools/bin/../lib/gcc/arm-none-eabi/12.3.1/thumb/v7e-m+dp/hard/crtbegin.o
 *(.text*)
 .text.delay    0x080002d8       0x2c ./Src/main.o
                0x080002d8                delay
 .text.main     0x08000304       0x44 ./Src/main.o
                0x08000304                main
 .text.GPIO_PeriClockContrl
                0x08000348      0x1e0 ./Src/stm32h753_gpio_driver.o
                0x08000348                GPIO_PeriClockContrl
 .text.GPIO_Init
                0x08000528      0x388 ./Src/stm32h753_gpio_driver.o
                0x08000528                GPIO_Init
 .text.GPIO_ToggleOutputPin
                0x080008b0       0x2a ./Src/stm32h753_gpio_driver.o
                0x080008b0                GPIO_ToggleOutputPin
 *fill*         0x080008da        0x2 
 .text.Reset_Handler
                0x080008dc       0x50 ./Startup/startup_stm32h753iitx.o
                0x080008dc                Reset_Handler
 .text.Default_Handler
                0x0800092c        0x2 ./Startup/startup_stm32h753iitx.o
                0x0800092c                HASH_RNG_IRQHandler
                0x0800092c                EXTI2_IRQHandler
                0x0800092c                TIM8_CC_IRQHandler
                0x0800092c                DMA_STR2_IRQHandler
                0x0800092c                DebugMon_Handler
                0x0800092c                UART8_IRQHandler
                0x0800092c                SPI4_IRQHandler
                0x0800092c                HRTIM1_MST_IRQHandler
                0x0800092c                HardFault_Handler
                0x0800092c                DMA_STR5_IRQHandler
                0x0800092c                HRTIM1_FLT_IRQHandler
                0x0800092c                JPEG_IRQHandler
                0x0800092c                SysTick_Handler
                0x0800092c                DMA2_STR1_IRQHandler
                0x0800092c                DMA2_STR5_IRQHandler
                0x0800092c                HRTIM1_TIMD_IRQHandler
                0x0800092c                PendSV_Handler
                0x0800092c                NMI_Handler
                0x0800092c                EXTI3_IRQHandler
                0x0800092c                LPTIM4_IRQHandler
                0x0800092c                TIM8_TRG_COM_TIM14_IRQHandler
                0x0800092c                LPTIM2_IRQHandler
                0x0800092c                DFSDM1_FLT1_IRQHandler
                0x0800092c                DMAMUX2_OVR_IRQHandler
                0x0800092c                TIM8_UP_TIM13_IRQHandler
                0x0800092c                I2C3_ER_IRQHandler
                0x0800092c                DFSDM1_FLT2_IRQHandler
                0x0800092c                MDMA_IRQHandler
                0x0800092c                LPTIM3_IRQHandler
                0x0800092c                EXTI0_IRQHandler
                0x0800092c                I2C2_EV_IRQHandler
                0x0800092c                FPU_IRQHandler
                0x0800092c                DMA_STR1_IRQHandler
                0x0800092c                OTG_HS_WKUP_IRQHandler
                0x0800092c                FDCAN1_IT1_IRQHandler
                0x0800092c                UsageFault_Handler
                0x0800092c                LTDC_ER_IRQHandler
                0x0800092c                ADC1_2_IRQHandler
                0x0800092c                SPI1_IRQHandler
                0x0800092c                BDMA_CH2_IRQHandler
                0x0800092c                TIM6_DAC_IRQHandler
                0x0800092c                DCMI_IRQHandler
                0x0800092c                HRTIM1_TIMC_IRQHandler
                0x0800092c                SDMMC_IRQHandler
                0x0800092c                RTC_ALARM_IRQHandler
                0x0800092c                DMA_STR0_IRQHandler
                0x0800092c                SAI2_IRQHandler
                0x0800092c                DMA2_STR3_IRQHandler
                0x0800092c                DFSDM1_FLT3_IRQHandler
                0x0800092c                USART6_IRQHandler
                0x0800092c                BDMA_CH5_IRQHandler
                0x0800092c                TIM17_IRQHandler
                0x0800092c                BDMA_CH6_IRQHandler
                0x0800092c                USART3_IRQHandler
                0x0800092c                WKUP_IRQHandler
                0x0800092c                CRYP_IRQHandler
                0x0800092c                BDMA_CH3_IRQHandler
                0x0800092c                LPTIM5_IRQHandler
                0x0800092c                LPUART_IRQHandler
                0x0800092c                UART5_IRQHandler
                0x0800092c                ADC3_IRQHandler
                0x0800092c                DMA_STR6_IRQHandler
                0x0800092c                TIM4_IRQHandler
                0x0800092c                QUADSPI_IRQHandler
                0x0800092c                I2C1_EV_IRQHandler
                0x0800092c                DMA1_STR7_IRQHandler
                0x0800092c                TIM16_IRQHandler
                0x0800092c                UART4_IRQHandler
                0x0800092c                TIM3_IRQHandler
                0x0800092c                RCC_IRQHandler
                0x0800092c                TIM8_BRK_TIM12_IRQHandler
                0x0800092c                TIM1_TRG_COM_IRQHandler
                0x0800092c                Default_Handler
                0x0800092c                HRTIM_TIMB_IRQHandler
                0x0800092c                CEC_IRQHandler
                0x0800092c                EXTI15_10_IRQHandler
                0x0800092c                BDMA_CH4_IRQHandler
                0x0800092c                DMA_STR3_IRQHandler
                0x0800092c                HRTIM_TIME_IRQHandler
                0x0800092c                HRTIM1_TIMA_IRQHandler
                0x0800092c                SPI5_IRQHandler
                0x0800092c                TIM7_IRQHandler
                0x0800092c                SDMMC1_IRQHandler
                0x0800092c                TIM5_IRQHandler
                0x0800092c                SPDIF_IRQHandler
                0x0800092c                TIM15_IRQHandler
                0x0800092c                I2C3_EV_IRQHandler
                0x0800092c                WWDG1_RST_IRQHandler
                0x0800092c                EXTI9_5_IRQHandler
                0x0800092c                DMA2_STR4_IRQHandler
                0x0800092c                RTC_WKUP_IRQHandler
                0x0800092c                DMA2_STR6_IRQHandler
                0x0800092c                LTDC_IRQHandler
                0x0800092c                SAI3_IRQHandler
                0x0800092c                ETH_WKUP_IRQHandler
                0x0800092c                PVD_PVM_IRQHandler
                0x0800092c                BDMA_CH0_IRQHandler
                0x0800092c                SPI2_IRQHandler
                0x0800092c                OTG_HS_EP1_IN_IRQHandler
                0x0800092c                MemManage_Handler
                0x0800092c                DMA2_STR0_IRQHandler
                0x0800092c                SVC_Handler
                0x0800092c                CRS_IRQHandler
                0x0800092c                EXTI4_IRQHandler
                0x0800092c                DMAMUX1_OV_IRQHandler
                0x0800092c                FDCAN2_IT1_IRQHandler
                0x0800092c                DMA_STR4_IRQHandler
                0x0800092c                COMP_IRQHandler
                0x0800092c                DMA2_STR2_IRQHandler
                0x0800092c                ETH_IRQHandler
                0x0800092c                TIM1_UP_IRQHandler
                0x0800092c                DMA2_STR7_IRQHandler
                0x0800092c                OTG_HS_EP1_OUT_IRQHandler
                0x0800092c                SPI6_IRQHandler
                0x0800092c                MDIOS_IRQHandler
                0x0800092c                I2C4_EV_IRQHandler
                0x0800092c                FDCAN2_IT0_IRQHandler
                0x0800092c                BDMA_CH7_IRQHandler
                0x0800092c                FDCAN1_IT0_IRQHandler
                0x0800092c                TIM2_IRQHandler
                0x0800092c                HSEM0_IRQHandler
                0x0800092c                OTG_FS_WKUP_IRQHandler
                0x0800092c                OTG_HS_IRQHandler
                0x0800092c                DMA2D_IRQHandler
                0x0800092c                TIM1_BRK_IRQHandler
                0x0800092c                EXTI1_IRQHandler
                0x0800092c                OTG_FS_EP1_OUT_IRQHandler
                0x0800092c                UART7_IRQHandler
                0x0800092c                MDIOS_WKUP_IRQHandler
                0x0800092c                USART2_IRQHandler
                0x0800092c                DFSDM1_FLT0_IRQHandler
                0x0800092c                SAI4_IRQHandler
                0x0800092c                I2C2_ER_IRQHandler
                0x0800092c                FLASH_IRQHandler
                0x0800092c                WWDG1_IRQHandler
                0x0800092c                BusFault_Handler
                0x0800092c                USART1_IRQHandler
                0x0800092c                OTG_FS_IRQHandler
                0x0800092c                SPI3_IRQHandler
                0x0800092c                OTG_FS_EP1_IN_IRQHandler
                0x0800092c                I2C1_ER_IRQHandler
                0x0800092c                FMC_IRQHandler
                0x0800092c                BDMA_CH1_IRQHandler
                0x0800092c                FDCAN_CAL_IRQHandler
                0x0800092c                SWPMI1_IRQHandler
                0x0800092c                LPTIM1_IRQHandler
                0x0800092c                TIM_CC_IRQHandler
                0x0800092c                I2C4_ER_IRQHandler
                0x0800092c                SAI1_IRQHandler
                0x0800092c                RTC_TAMP_STAMP_CSS_LSE_IRQHandler
 *fill*         0x0800092e        0x2 
 .text.__libc_init_array
                0x08000930       0x48 C:/ST/STM32CubeIDE_1.13.2/STM32CubeIDE/plugins/com.st.stm32cube.ide.mcu.externaltools.gnu-tools-for-stm32.12.3.rel1.win32_1.0.100.202403111256/tools/bin/../lib/gcc/arm-none-eabi/12.3.1/../../../../arm-none-eabi/lib/thumb/v7e-m+dp/hard\libc_nano.a(libc_a-init.o)
                0x08000930                __libc_init_array
 *(.glue_7)
 .glue_7        0x08000978        0x0 linker stubs
 *(.glue_7t)
 .glue_7t       0x08000978        0x0 linker stubs
 *(.eh_frame)
 .eh_frame      0x08000978        0x0 C:/ST/STM32CubeIDE_1.13.2/STM32CubeIDE/plugins/com.st.stm32cube.ide.mcu.externaltools.gnu-tools-for-stm32.12.3.rel1.win32_1.0.100.202403111256/tools/bin/../lib/gcc/arm-none-eabi/12.3.1/thumb/v7e-m+dp/hard/crtbegin.o
 *(.init)
 .init          0x08000978        0x4 C:/ST/STM32CubeIDE_1.13.2/STM32CubeIDE/plugins/com.st.stm32cube.ide.mcu.externaltools.gnu-tools-for-stm32.12.3.rel1.win32_1.0.100.202403111256/tools/bin/../lib/gcc/arm-none-eabi/12.3.1/thumb/v7e-m+dp/hard/crti.o
                0x08000978                _init
 .init          0x0800097c        0x8 C:/ST/STM32CubeIDE_1.13.2/STM32CubeIDE/plugins/com.st.stm32cube.ide.mcu.externaltools.gnu-tools-for-stm32.12.3.rel1.win32_1.0.100.202403111256/tools/bin/../lib/gcc/arm-none-eabi/12.3.1/thumb/v7e-m+dp/hard/crtn.o
 *(.fini)
 .fini          0x08000984        0x4 C:/ST/STM32CubeIDE_1.13.2/STM32CubeIDE/plugins/com.st.stm32cube.ide.mcu.externaltools.gnu-tools-for-stm32.12.3.rel1.win32_1.0.100.202403111256/tools/bin/../lib/gcc/arm-none-eabi/12.3.1/thumb/v7e-m+dp/hard/crti.o
                0x08000984                _fini
 .fini          0x08000988        0x8 C:/ST/STM32CubeIDE_1.13.2/STM32CubeIDE/plugins/com.st.stm32cube.ide.mcu.externaltools.gnu-tools-for-stm32.12.3.rel1.win32_1.0.100.202403111256/tools/bin/../lib/gcc/arm-none-eabi/12.3.1/thumb/v7e-m+dp/hard/crtn.o
                0x08000990                        . = ALIGN (0x4)
                0x08000990                        _etext = .

.vfp11_veneer   0x08000990        0x0
 .vfp11_veneer  0x08000990        0x0 linker stubs

.v4_bx          0x08000990        0x0
 .v4_bx         0x08000990        0x0 linker stubs

.iplt           0x08000990        0x0
 .iplt          0x08000990        0x0 C:/ST/STM32CubeIDE_1.13.2/STM32CubeIDE/plugins/com.st.stm32cube.ide.mcu.externaltools.gnu-tools-for-stm32.12.3.rel1.win32_1.0.100.202403111256/tools/bin/../lib/gcc/arm-none-eabi/12.3.1/thumb/v7e-m+dp/hard/crtbegin.o

.rodata         0x08000990        0x0
                0x08000990                        . = ALIGN (0x4)
 *(.rodata)
 *(.rodata*)
                0x08000990                        . = ALIGN (0x4)

.ARM.extab
 *(.ARM.extab* .gnu.linkonce.armextab.*)

.ARM            0x08000990        0x0
                0x08000990                        __exidx_start = .
 *(.ARM.exidx*)
                0x08000990                        __exidx_end = .

.preinit_array  0x08000990        0x0
                0x08000990                        PROVIDE (__preinit_array_start = .)
 *(.preinit_array*)
                0x08000990                        PROVIDE (__preinit_array_end = .)

.init_array     0x08000990        0x4
                0x08000990                        PROVIDE (__init_array_start = .)
 *(SORT_BY_NAME(.init_array.*))
 *(.init_array*)
 .init_array    0x08000990        0x4 C:/ST/STM32CubeIDE_1.13.2/STM32CubeIDE/plugins/com.st.stm32cube.ide.mcu.externaltools.gnu-tools-for-stm32.12.3.rel1.win32_1.0.100.202403111256/tools/bin/../lib/gcc/arm-none-eabi/12.3.1/thumb/v7e-m+dp/hard/crtbegin.o
                0x08000994                        PROVIDE (__init_array_end = .)

.fini_array     0x08000994        0x4
                [!provide]                        PROVIDE (__fini_array_start = .)
 *(SORT_BY_NAME(.fini_array.*))
 *(.fini_array*)
 .fini_array    0x08000994        0x4 C:/ST/STM32CubeIDE_1.13.2/STM32CubeIDE/plugins/com.st.stm32cube.ide.mcu.externaltools.gnu-tools-for-stm32.12.3.rel1.win32_1.0.100.202403111256/tools/bin/../lib/gcc/arm-none-eabi/12.3.1/thumb/v7e-m+dp/hard/crtbegin.o
                [!provide]                        PROVIDE (__fini_array_end = .)
                0x08000998                        _sidata = LOADADDR (.data)

.rel.dyn        0x08000998        0x0
 .rel.iplt      0x08000998        0x0 C:/ST/STM32CubeIDE_1.13.2/STM32CubeIDE/plugins/com.st.stm32cube.ide.mcu.externaltools.gnu-tools-for-stm32.12.3.rel1.win32_1.0.100.202403111256/tools/bin/../lib/gcc/arm-none-eabi/12.3.1/thumb/v7e-m+dp/hard/crtbegin.o

.data           0x24000000        0x0 load address 0x08000998
                0x24000000                        . = ALIGN (0x4)
                0x24000000                        _sdata = .
 *(.data)
 *(.data*)
 *(.RamFunc)
 *(.RamFunc*)
                0x24000000                        . = ALIGN (0x4)
                0x24000000                        _edata = .

.igot.plt       0x24000000        0x0 load address 0x08000998
 .igot.plt      0x24000000        0x0 C:/ST/STM32CubeIDE_1.13.2/STM32CubeIDE/plugins/com.st.stm32cube.ide.mcu.externaltools.gnu-tools-for-stm32.12.3.rel1.win32_1.0.100.202403111256/tools/bin/../lib/gcc/arm-none-eabi/12.3.1/thumb/v7e-m+dp/hard/crtbegin.o
                0x24000000                        . = ALIGN (0x4)

.bss            0x24000000       0x1c load address 0x08000998
                0x24000000                        _sbss = .
                0x24000000                        __bss_start__ = _sbss
 *(.bss)
 .bss           0x24000000       0x1c C:/ST/STM32CubeIDE_1.13.2/STM32CubeIDE/plugins/com.st.stm32cube.ide.mcu.externaltools.gnu-tools-for-stm32.12.3.rel1.win32_1.0.100.202403111256/tools/bin/../lib/gcc/arm-none-eabi/12.3.1/thumb/v7e-m+dp/hard/crtbegin.o
 *(.bss*)
 *(COMMON)
                0x2400001c                        . = ALIGN (0x4)
                0x2400001c                        _ebss = .
                0x2400001c                        __bss_end__ = _ebss

._user_heap_stack
                0x2400001c      0x604 load address 0x08000998
                0x24000020                        . = ALIGN (0x8)
 *fill*         0x2400001c        0x4 
                [!provide]                        PROVIDE (end = .)
                0x24000020                        PROVIDE (_end = .)
                0x24000220                        . = (. + _Min_Heap_Size)
 *fill*         0x24000020      0x200 
                0x24000620                        . = (. + _Min_Stack_Size)
 *fill*         0x24000220      0x400 
                0x24000620                        . = ALIGN (0x8)

/DISCARD/
 libc.a(*)
 libm.a(*)
 libgcc.a(*)

.ARM.attributes
                0x00000000       0x2e
 *(.ARM.attributes)
 .ARM.attributes
                0x00000000       0x20 C:/ST/STM32CubeIDE_1.13.2/STM32CubeIDE/plugins/com.st.stm32cube.ide.mcu.externaltools.gnu-tools-for-stm32.12.3.rel1.win32_1.0.100.202403111256/tools/bin/../lib/gcc/arm-none-eabi/12.3.1/thumb/v7e-m+dp/hard/crti.o
 .ARM.attributes
                0x00000020       0x32 C:/ST/STM32CubeIDE_1.13.2/STM32CubeIDE/plugins/com.st.stm32cube.ide.mcu.externaltools.gnu-tools-for-stm32.12.3.rel1.win32_1.0.100.202403111256/tools/bin/../lib/gcc/arm-none-eabi/12.3.1/thumb/v7e-m+dp/hard/crtbegin.o
 .ARM.attributes
                0x00000052       0x32 ./Src/main.o
 .ARM.attributes
                0x00000084       0x32 ./Src/stm32h753_gpio_driver.o
 .ARM.attributes
                0x000000b6       0x21 ./Startup/startup_stm32h753iitx.o
 .ARM.attributes
                0x000000d7       0x32 C:/ST/STM32CubeIDE_1.13.2/STM32CubeIDE/plugins/com.st.stm32cube.ide.mcu.externaltools.gnu-tools-for-stm32.12.3.rel1.win32_1.0.100.202403111256/tools/bin/../lib/gcc/arm-none-eabi/12.3.1/../../../../arm-none-eabi/lib/thumb/v7e-m+dp/hard\libc_nano.a(libc_a-init.o)
 .ARM.attributes
                0x00000109       0x20 C:/ST/STM32CubeIDE_1.13.2/STM32CubeIDE/plugins/com.st.stm32cube.ide.mcu.externaltools.gnu-tools-for-stm32.12.3.rel1.win32_1.0.100.202403111256/tools/bin/../lib/gcc/arm-none-eabi/12.3.1/thumb/v7e-m+dp/hard/crtn.o
OUTPUT(test_board1.elf elf32-littlearm)
LOAD linker stubs
LOAD C:/ST/STM32CubeIDE_1.13.2/STM32CubeIDE/plugins/com.st.stm32cube.ide.mcu.externaltools.gnu-tools-for-stm32.12.3.rel1.win32_1.0.100.202403111256/tools/bin/../lib/gcc/arm-none-eabi/12.3.1/../../../../arm-none-eabi/lib/thumb/v7e-m+dp/hard\libc.a
LOAD C:/ST/STM32CubeIDE_1.13.2/STM32CubeIDE/plugins/com.st.stm32cube.ide.mcu.externaltools.gnu-tools-for-stm32.12.3.rel1.win32_1.0.100.202403111256/tools/bin/../lib/gcc/arm-none-eabi/12.3.1/../../../../arm-none-eabi/lib/thumb/v7e-m+dp/hard\libm.a
LOAD C:/ST/STM32CubeIDE_1.13.2/STM32CubeIDE/plugins/com.st.stm32cube.ide.mcu.externaltools.gnu-tools-for-stm32.12.3.rel1.win32_1.0.100.202403111256/tools/bin/../lib/gcc/arm-none-eabi/12.3.1/thumb/v7e-m+dp/hard\libgcc.a

.debug_info     0x00000000      0xfe8
 .debug_info    0x00000000      0x266 ./Src/main.o
 .debug_info    0x00000266      0xd52 ./Src/stm32h753_gpio_driver.o
 .debug_info    0x00000fb8       0x30 ./Startup/startup_stm32h753iitx.o

.debug_abbrev   0x00000000      0x34a
 .debug_abbrev  0x00000000      0x144 ./Src/main.o
 .debug_abbrev  0x00000144      0x1e2 ./Src/stm32h753_gpio_driver.o
 .debug_abbrev  0x00000326       0x24 ./Startup/startup_stm32h753iitx.o

.debug_aranges  0x00000000       0xc0
 .debug_aranges
                0x00000000       0x28 ./Src/main.o
 .debug_aranges
                0x00000028       0x70 ./Src/stm32h753_gpio_driver.o
 .debug_aranges
                0x00000098       0x28 ./Startup/startup_stm32h753iitx.o

.debug_rnglists
                0x00000000       0x85
 .debug_rnglists
                0x00000000       0x19 ./Src/main.o
 .debug_rnglists
                0x00000019       0x53 ./Src/stm32h753_gpio_driver.o
 .debug_rnglists
                0x0000006c       0x19 ./Startup/startup_stm32h753iitx.o

.debug_macro    0x00000000     0x22b5
 .debug_macro   0x00000000       0x8f ./Src/main.o
 .debug_macro   0x0000008f      0xad8 ./Src/main.o
 .debug_macro   0x00000b67       0x22 ./Src/main.o
 .debug_macro   0x00000b89       0x8e ./Src/main.o
 .debug_macro   0x00000c17       0x51 ./Src/main.o
 .debug_macro   0x00000c68      0x103 ./Src/main.o
 .debug_macro   0x00000d6b       0x6a ./Src/main.o
 .debug_macro   0x00000dd5      0x1df ./Src/main.o
 .debug_macro   0x00000fb4      0x189 ./Src/main.o
 .debug_macro   0x0000113d     0x1021 ./Src/main.o
 .debug_macro   0x0000215e       0xc4 ./Src/main.o
 .debug_macro   0x00002222       0x93 ./Src/stm32h753_gpio_driver.o

.debug_line     0x00000000      0xf1d
 .debug_line    0x00000000      0x492 ./Src/main.o
 .debug_line    0x00000492      0xa10 ./Src/stm32h753_gpio_driver.o
 .debug_line    0x00000ea2       0x7b ./Startup/startup_stm32h753iitx.o

.debug_str      0x00000000     0xb64b
 .debug_str     0x00000000     0xb14b ./Src/main.o
                               0xb39c (size before relaxing)
 .debug_str     0x0000b14b      0x4c1 ./Src/stm32h753_gpio_driver.o
                               0xb8fa (size before relaxing)
 .debug_str     0x0000b60c       0x3f ./Startup/startup_stm32h753iitx.o
                                 0x5a (size before relaxing)

.comment        0x00000000       0x43
 .comment       0x00000000       0x43 ./Src/main.o
                                 0x44 (size before relaxing)
 .comment       0x00000043       0x44 ./Src/stm32h753_gpio_driver.o

.debug_frame    0x00000000      0x24c
 .debug_frame   0x00000000       0x58 ./Src/main.o
 .debug_frame   0x00000058      0x1c8 ./Src/stm32h753_gpio_driver.o
 .debug_frame   0x00000220       0x2c C:/ST/STM32CubeIDE_1.13.2/STM32CubeIDE/plugins/com.st.stm32cube.ide.mcu.externaltools.gnu-tools-for-stm32.12.3.rel1.win32_1.0.100.202403111256/tools/bin/../lib/gcc/arm-none-eabi/12.3.1/../../../../arm-none-eabi/lib/thumb/v7e-m+dp/hard\libc_nano.a(libc_a-init.o)

.debug_line_str
                0x00000000       0x3e
 .debug_line_str
                0x00000000       0x3e ./Startup/startup_stm32h753iitx.o
